{
    "moduleName": "Unit Test Module",
    "processorVersion": "replaced",
    "namespaces": [
        {
            "name": "de.sandstorm.testSource.nestedPojos",
            "type": {
                "typeName": "testSource.NestedPojos",
                "documentationContent": " This is the namespace that contains the nested one.\n"
            },
            "documentationContent": "[ROOT-NAMESPACE]"
        },
        {
            "name": "de.sandstorm.testSource.nestedPojos.nestedPojo",
            "type": {
                "typeName": "testSource.NestedPojos.NestedPojo",
                "documentationContent": " Nested value POJO.\n"
            },
            "documentationContent": " This is a nested config namespace by POJO.\n"
        }
    ],
    "properties": [
        {
            "namespace": "de.sandstorm.testSource.nestedPojos.nestedPojo",
            "name": "nestedStringConfig",
            "qualifiedName": "de.sandstorm.testSource.nestedPojos.nestedPojo.nestedStringConfig",
            "documentationContent": " This is a nested String configuration.\n",
            "accessibility": "API",
            "type": {
                "typeName": "java.lang.String",
                "required": false
            }
        }
    ]
}
